2012-02-23 04:56:34 Соединение с БД. Тип соеднинения: локальная
2012-02-23 04:56:34 Ошибка: Отправка e-mail Отправка e-mail для подтверждения прибытия оператора на работу
2012-02-23 04:56:34 Ошибка: Отправка e-mail Текст ошибки: Socket Error # 10065
No route to host.
2012-02-23 04:56:34 Ошибка: Отправка e-mail Хост: 189.141.1.16 Порт: 25
2012-02-23 04:56:34 Ошибка: Отправка e-mail Имя пользователя: plcard
2012-02-23 04:56:34 Ошибка: Отправка e-mail Пароль: 
2012-02-23 04:56:34 Ошибка: Отправка e-mail Из адреса: khulugov@agroinvestbank.tj
2012-02-23 04:56:34 Ошибка: Отправка e-mail От имени: ПЦ ДИТ
2012-02-23 04:57:22 Справочник пользователей. Удаление записи
2012-02-23 04:57:22 Справочник пользователей. Текст ошибки: Error 7200:  AQE Error:  State = HY000;   NativeError = 5177;  [iAnywhere Solutions][Advantage SQL][ASA] Error 5177:  Trigger execution failed.  Error 7200:  AQE Error:  State = S0000;   NativeError = 2122;  [iAnywhere Solutions][Advantage SQL Engine]Table or alias not found: cNew -- Location of error in the SQL statement is: 152 (line: 3 column: 53)
2012-02-23 04:57:22 Справочник пользователей. Последняя команда: Delete from R_Users Where Login = 'thewthtew'
2012-02-23 04:58:53 Справочник пользователей. Удаление записи
2012-02-23 04:58:53 Справочник пользователей. Текст ошибки: Error 7200:  AQE Error:  State = HY000;   NativeError = 5177;  [iAnywhere Solutions][Advantage SQL][ASA] Error 5177:  Trigger execution failed.  Error 7200:  AQE Error:  State = S0000;   NativeError = 2122;  [iAnywhere Solutions][Advantage SQL Engine]Table or alias not found: cNew -- Location of error in the SQL statement is: 152 (line: 3 column: 53)
2012-02-23 04:58:53 Справочник пользователей. Последняя команда: Delete from R_Users Where Login = 'wer'
2012-02-23 04:59:14 Соединение с БД. Тип соеднинения: локальная
2012-02-23 04:59:14 Ошибка: Отправка e-mail Отправка e-mail для подтверждения прибытия оператора на работу
2012-02-23 04:59:14 Ошибка: Отправка e-mail Текст ошибки: Socket Error # 10065
No route to host.
2012-02-23 04:59:14 Ошибка: Отправка e-mail Хост: 189.141.1.16 Порт: 25
2012-02-23 04:59:14 Ошибка: Отправка e-mail Имя пользователя: plcard
2012-02-23 04:59:14 Ошибка: Отправка e-mail Пароль: 
2012-02-23 04:59:14 Ошибка: Отправка e-mail Из адреса: khulugov@agroinvestbank.tj
2012-02-23 04:59:14 Ошибка: Отправка e-mail От имени: ПЦ ДИТ
2012-02-23 05:01:34 Соединение с БД. Тип соеднинения: локальная
2012-02-23 05:01:34 Ошибка: Отправка e-mail Отправка e-mail для подтверждения прибытия оператора на работу
2012-02-23 05:01:34 Ошибка: Отправка e-mail Текст ошибки: Socket Error # 10065
No route to host.
2012-02-23 05:01:34 Ошибка: Отправка e-mail Хост: 189.141.1.16 Порт: 25
2012-02-23 05:01:34 Ошибка: Отправка e-mail Имя пользователя: plcard
2012-02-23 05:01:34 Ошибка: Отправка e-mail Пароль: 
2012-02-23 05:01:34 Ошибка: Отправка e-mail Из адреса: khulugov@agroinvestbank.tj
2012-02-23 05:01:34 Ошибка: Отправка e-mail От имени: ПЦ ДИТ
2012-02-23 05:03:44 Соединение с БД. Тип соеднинения: локальная
2012-02-23 05:03:46 Соединение с БД. Тип соеднинения: локальная
2012-02-23 05:03:48 Соединение с БД. Тип соеднинения: локальная
2012-02-23 05:03:48 Ошибка: Отправка e-mail Отправка e-mail для подтверждения прибытия оператора на работу
2012-02-23 05:03:48 Ошибка: Отправка e-mail Текст ошибки: Socket Error # 10065
No route to host.
2012-02-23 05:03:48 Ошибка: Отправка e-mail Хост: 189.141.1.16 Порт: 25
2012-02-23 05:03:48 Ошибка: Отправка e-mail Имя пользователя: plcard
2012-02-23 05:03:48 Ошибка: Отправка e-mail Пароль: 
2012-02-23 05:03:48 Ошибка: Отправка e-mail Из адреса: khulugov@agroinvestbank.tj
2012-02-23 05:03:48 Ошибка: Отправка e-mail От имени: ПЦ ДИТ
2012-02-23 05:03:57 Редактирование пользователя. Редактирование данных по пользователю: 
2012-02-23 05:03:57 Редактирование пользователя. Текст ошибки: Error 7200:  AQE Error:  State = HY000;   NativeError = 5177;  [iAnywhere Solutions][Advantage SQL][ASA] Error 5177:  Trigger execution failed.  Error 7200:  AQE Error:  State = HY000;   NativeError = 5211;  [iAnywhere Solutions][Advantage SQL][ASA] Error 5211:  There is an error converting Unicode string to or from code page string.  Some Unicode characters cannot be converted to code page characters. ** Script error information:  -- Location of error in the SQL statement is: 459 (line: 18 column: 1)
2012-02-23 05:03:57 Редактирование пользователя. Последняя команда: Update R_Users Set UserName='Амриддинзода Фаридун',IsBlocked=False,IsCallAdd=True,IsCallEdit=False,IsCallDelete=False,IsCallExcel=False,IsReports=False,Remark='safsafgbsd' Where Login = 'FAmriddinzoda'
2012-02-23 05:06:57 Соединение с БД. Тип соеднинения: локальная
2012-02-23 05:06:57 Ошибка: Отправка e-mail Отправка e-mail для подтверждения прибытия оператора на работу
2012-02-23 05:06:57 Ошибка: Отправка e-mail Текст ошибки: Socket Error # 10065
No route to host.
2012-02-23 05:06:57 Ошибка: Отправка e-mail Хост: 189.141.1.16 Порт: 25
2012-02-23 05:06:57 Ошибка: Отправка e-mail Имя пользователя: plcard
2012-02-23 05:06:57 Ошибка: Отправка e-mail Пароль: 
2012-02-23 05:06:57 Ошибка: Отправка e-mail Из адреса: khulugov@agroinvestbank.tj
2012-02-23 05:06:57 Ошибка: Отправка e-mail От имени: ПЦ ДИТ
2012-02-23 09:57:49 Соединение с БД. Тип соеднинения: локальная
2012-02-23 10:30:01 Соединение с БД. Тип соеднинения: локальная
2012-02-23 10:45:09 Соединение с БД. Тип соеднинения: локальная
2012-02-23 10:57:29 Соединение с БД. Тип соеднинения: локальная
2012-02-23 10:57:51 Соединение с БД. Тип соеднинения: локальная
2012-02-23 10:57:52 Соединение с БД. Тип соеднинения: локальная
2012-02-23 10:57:54 Соединение с БД. Тип соеднинения: локальная
2012-02-23 10:57:56 Соединение с БД. Тип соеднинения: локальная
2012-02-23 10:58:08 Соединение с БД. Тип соеднинения: локальная
2012-02-23 11:06:24 Соединение с БД. Тип соеднинения: локальная
2012-02-23 11:06:46 Соединение с БД. Тип соеднинения: удаленная и локальная
2012-02-23 11:06:54 Соединение с БД. Тип соеднинения: удаленная и локальная
2012-02-23 11:08:29 Соединение с БД. Тип соеднинения: удаленная и локальная
2012-02-23 11:08:47 Соединение с БД. Тип соеднинения: удаленная и локальная
2012-02-23 11:09:08 Соединение с БД. Тип соеднинения: удаленная и локальная
2012-02-24 08:30:07 Соединение с БД. Тип соеднинения: локальная
2012-02-24 08:37:48 Соединение с БД. Тип соеднинения: локальная
2012-02-24 08:40:20 Соединение с БД. Тип соеднинения: локальная
2012-02-24 12:54:27 Соединение с БД. Тип соеднинения: локальная
2012-02-24 13:00:01 Соединение с БД. Тип соеднинения: локальная
2012-02-24 13:01:02 Ошибка: создание бэкапа. Запуск хранимой процедуры бэкапирования
2012-02-24 13:01:02 Ошибка: создание бэкапа. Текст ошибки: Error 7200:  AQE Error:  State = HY000;   NativeError = 5042;  [iAnywhere Solutions][Advantage SQL][ASA] Error 5042:  The requested feature has not yet been implemented.  Backup and restore functionality is not supported on Advantage Local Server connections.
2012-02-24 13:01:02 Ошибка: создание бэкапа. Последняя команда: EXECUTE PROCEDURE sp_BackupDatabase('D:\Construc\Delphi2010\CallCentre\DBBackup\', null)
2012-02-24 13:01:02 Создание бэкапа. В процессе создание бэкапа произошла ошибка
2012-02-24 13:01:02 Создание архива базы данных. Имя файла архива: D:\Construc\Delphi2010\CallCentre\DBBackup\CC20120224130102.zip
2012-02-24 13:04:50 Соединение с БД. Тип соеднинения: локальная
2012-02-24 13:42:20 Соединение с БД. Тип соеднинения: локальная
2012-02-24 14:26:22 Соединение с БД. Тип соеднинения: локальная
2012-02-24 14:38:42 Соединение с БД. Тип соеднинения: локальная
2012-02-24 14:43:07 Соединение с БД. Тип соеднинения: локальная
2012-08-28 17:45:19 Соединение с БД. Тип соеднинения: локальная
2012-08-28 18:44:07 Соединение с БД. Тип соеднинения: локальная
2012-08-28 18:49:38 Соединение с БД. Тип соеднинения: локальная
2012-08-28 18:52:55 Соединение с БД. Тип соеднинения: локальная
2012-08-28 18:58:06 Соединение с БД. Тип соеднинения: локальная
2012-08-29 09:37:19 Соединение с БД. Тип соеднинения: локальная
2012-08-29 09:37:52 Соединение с БД. Тип соеднинения: локальная
2012-08-29 09:40:59 Соединение с БД. Тип соеднинения: локальная
2012-08-29 09:41:41 Соединение с БД. Тип соеднинения: локальная
2012-08-29 09:56:17 Соединение с БД. Тип соеднинения: локальная
2012-08-29 10:05:14 Соединение с БД. Тип соеднинения: локальная
2012-08-29 10:13:06 Соединение с БД. Тип соеднинения: локальная
2012-08-29 10:17:01 Соединение с БД. Тип соеднинения: локальная
2012-08-29 10:20:31 Соединение с БД. Тип соеднинения: локальная
2012-08-29 10:26:28 Соединение с БД. Тип соеднинения: локальная
2012-08-29 16:57:30 Соединение с БД. Тип соеднинения: локальная
2012-08-29 17:04:05 Ошибка: отправка сообщений адресатам. Список адресатов пуст
2012-08-29 17:04:05 Ошибка: отправка сообщений адресатам. Последняя команда: Select {Static} * from R_CallTypes Where Code = 7
2012-08-29 17:19:24 Соединение с БД. Тип соеднинения: локальная
2012-08-29 19:36:28 Соединение с БД. Тип соеднинения: локальная
2012-08-29 19:36:28 Ошибка: Отправка e-mail Отправка e-mail для подтверждения прибытия оператора на работу
2012-08-29 19:36:28 Ошибка: Отправка e-mail Текст ошибки: Socket Error # 10065
No route to host.
2012-08-29 19:36:28 Ошибка: Отправка e-mail Хост: 189.141.1.16 Порт: 25
2012-08-29 19:36:28 Ошибка: Отправка e-mail Имя пользователя: plcard
2012-08-29 19:36:28 Ошибка: Отправка e-mail Пароль: 
2012-08-29 19:36:28 Ошибка: Отправка e-mail Из адреса: khulugov@agroinvestbank.tj
2012-08-29 19:36:28 Ошибка: Отправка e-mail От имени: ПЦ ДИТ
2012-08-29 20:08:31 Соединение с БД. Тип соеднинения: локальная
2012-08-29 20:08:31 Ошибка: Отправка e-mail Отправка e-mail для подтверждения прибытия оператора на работу
2012-08-29 20:08:31 Ошибка: Отправка e-mail Текст ошибки: Socket Error # 10065
No route to host.
2012-08-29 20:08:31 Ошибка: Отправка e-mail Хост: 189.141.1.16 Порт: 25
2012-08-29 20:08:31 Ошибка: Отправка e-mail Имя пользователя: plcard
2012-08-29 20:08:31 Ошибка: Отправка e-mail Пароль: 
2012-08-29 20:08:31 Ошибка: Отправка e-mail Из адреса: khulugov@agroinvestbank.tj
2012-08-29 20:08:31 Ошибка: Отправка e-mail От имени: ПЦ ДИТ
2012-08-29 20:10:08 Соединение с БД. Тип соеднинения: локальная
2012-08-29 20:10:09 Ошибка: Отправка e-mail Отправка e-mail для подтверждения прибытия оператора на работу
2012-08-29 20:10:09 Ошибка: Отправка e-mail Текст ошибки: Socket Error # 10065
No route to host.
2012-08-29 20:10:09 Ошибка: Отправка e-mail Хост: 189.141.1.16 Порт: 25
2012-08-29 20:10:09 Ошибка: Отправка e-mail Имя пользователя: plcard
2012-08-29 20:10:09 Ошибка: Отправка e-mail Пароль: 
2012-08-29 20:10:09 Ошибка: Отправка e-mail Из адреса: khulugov@agroinvestbank.tj
2012-08-29 20:10:09 Ошибка: Отправка e-mail От имени: ПЦ ДИТ
2012-08-29 20:14:24 Соединение с БД. Тип соеднинения: локальная
2012-08-29 20:14:24 Ошибка: Отправка e-mail Отправка e-mail для подтверждения прибытия оператора на работу
2012-08-29 20:14:24 Ошибка: Отправка e-mail Текст ошибки: Socket Error # 10065
No route to host.
2012-08-29 20:14:24 Ошибка: Отправка e-mail Хост: 189.141.1.16 Порт: 25
2012-08-29 20:14:24 Ошибка: Отправка e-mail Имя пользователя: plcard
2012-08-29 20:14:24 Ошибка: Отправка e-mail Пароль: 
2012-08-29 20:14:24 Ошибка: Отправка e-mail Из адреса: khulugov@agroinvestbank.tj
2012-08-29 20:14:24 Ошибка: Отправка e-mail От имени: ПЦ ДИТ
2012-08-29 20:14:27 Ошибка: Отчет о дежурстве. Отчет о дежурстве.
2012-08-29 20:14:27 Ошибка: Отчет о дежурстве. Текст ошибки: tbCalles: Error 7200:  AQE Error:  State = 42000;   NativeError = 2115;  [iAnywhere Solutions][Advantage SQL Engine]Expected lexical element not found: ) There was a problem parsing the WHERE clause in your SELECT statement. -- Location of error in the SQL statement is: 52
2012-08-29 20:14:27 Ошибка: Отчет о дежурстве. Последняя команда: Select * from V_Calles Where (SysUser Like 'adssys'%) and (SysTime between '2012-08-28 20:14:27' and '2012-08-29 20:14:27')
2012-08-29 20:41:43 Соединение с БД. Тип соеднинения: локальная
2012-08-29 20:41:43 Ошибка: Отправка e-mail Отправка e-mail для подтверждения прибытия оператора на работу
2012-08-29 20:41:43 Ошибка: Отправка e-mail Текст ошибки: Socket Error # 10065
No route to host.
2012-08-29 20:41:43 Ошибка: Отправка e-mail Хост: 189.141.1.16 Порт: 25
2012-08-29 20:41:43 Ошибка: Отправка e-mail Имя пользователя: plcard
2012-08-29 20:41:43 Ошибка: Отправка e-mail Пароль: 
2012-08-29 20:41:43 Ошибка: Отправка e-mail Из адреса: khulugov@agroinvestbank.tj
2012-08-29 20:41:43 Ошибка: Отправка e-mail От имени: ПЦ ДИТ
2012-08-29 20:45:13 Соединение с БД. Тип соеднинения: локальная
2012-08-29 20:45:13 Ошибка: Отправка e-mail Отправка e-mail для подтверждения прибытия оператора на работу
2012-08-29 20:45:13 Ошибка: Отправка e-mail Текст ошибки: Socket Error # 10065
No route to host.
2012-08-29 20:45:13 Ошибка: Отправка e-mail Хост: 189.141.1.16 Порт: 25
2012-08-29 20:45:13 Ошибка: Отправка e-mail Имя пользователя: plcard
2012-08-29 20:45:13 Ошибка: Отправка e-mail Пароль: 
2012-08-29 20:45:13 Ошибка: Отправка e-mail Из адреса: khulugov@agroinvestbank.tj
2012-08-29 20:45:13 Ошибка: Отправка e-mail От имени: ПЦ ДИТ
2012-08-29 20:46:30 Ошибка: Отчет о дежурстве. Отчет о дежурстве.
2012-08-29 20:46:30 Ошибка: Отчет о дежурстве. Текст ошибки: Cannot create file "D:\ddd.xls". Процесс не может получить доступ к файлу, так как этот файл занят другим процессом
2012-08-29 20:46:30 Ошибка: Отчет о дежурстве. Последняя команда: Select * from V_Calles Where (SysUser Like 'adssys%') and (SysTime between '2012-08-28 00:00:00' and '2012-08-29 20:46:30')
2012-08-29 20:55:32 Соединение с БД. Тип соеднинения: локальная
2012-08-29 20:55:33 Ошибка: Отправка e-mail Отправка e-mail для подтверждения прибытия оператора на работу
2012-08-29 20:55:33 Ошибка: Отправка e-mail Текст ошибки: Socket Error # 10065
No route to host.
2012-08-29 20:55:33 Ошибка: Отправка e-mail Хост: 189.141.1.16 Порт: 25
2012-08-29 20:55:33 Ошибка: Отправка e-mail Имя пользователя: plcard
2012-08-29 20:55:33 Ошибка: Отправка e-mail Пароль: 
2012-08-29 20:55:33 Ошибка: Отправка e-mail Из адреса: khulugov@agroinvestbank.tj
2012-08-29 20:55:33 Ошибка: Отправка e-mail От имени: ПЦ ДИТ
2012-08-29 20:55:37 Ошибка: Отчет о дежурстве. Отчет о дежурстве.
2012-08-29 20:55:37 Ошибка: Отчет о дежурстве. Текст ошибки: Cannot create file "D:\Construc\Delphi2010\CallCentre\Reports\Call2012-08-29 20:55:37.xls". Параметр задан неверно
2012-08-29 20:55:37 Ошибка: Отчет о дежурстве. Последняя команда: Select * from V_Calles Where (SysUser Like 'adssys%') and (SysTime between '2012-08-28 00:00:00' and '2012-08-29 20:55:37')
2012-08-29 20:56:51 Соединение с БД. Тип соеднинения: локальная
2012-08-29 20:56:51 Ошибка: Отправка e-mail Отправка e-mail для подтверждения прибытия оператора на работу
2012-08-29 20:56:51 Ошибка: Отправка e-mail Текст ошибки: Socket Error # 10065
No route to host.
2012-08-29 20:56:51 Ошибка: Отправка e-mail Хост: 189.141.1.16 Порт: 25
2012-08-29 20:56:51 Ошибка: Отправка e-mail Имя пользователя: plcard
2012-08-29 20:56:51 Ошибка: Отправка e-mail Пароль: 
2012-08-29 20:56:51 Ошибка: Отправка e-mail Из адреса: khulugov@agroinvestbank.tj
2012-08-29 20:56:51 Ошибка: Отправка e-mail От имени: ПЦ ДИТ
2012-08-29 21:07:35 Соединение с БД. Тип соеднинения: локальная
2012-08-29 21:07:35 Ошибка: Отправка e-mail Отправка e-mail для подтверждения прибытия оператора на работу
2012-08-29 21:07:35 Ошибка: Отправка e-mail Текст ошибки: Socket Error # 10065
No route to host.
2012-08-29 21:07:35 Ошибка: Отправка e-mail Хост: 189.141.1.16 Порт: 25
2012-08-29 21:07:35 Ошибка: Отправка e-mail Имя пользователя: plcard
2012-08-29 21:07:35 Ошибка: Отправка e-mail Пароль: 
2012-08-29 21:07:35 Ошибка: Отправка e-mail Из адреса: khulugov@agroinvestbank.tj
2012-08-29 21:07:35 Ошибка: Отправка e-mail От имени: ПЦ ДИТ
2012-08-29 21:07:38 Ошибка: Отчет о дежурстве. Отчет о дежурстве.
2012-08-29 21:07:38 Ошибка: Отчет о дежурстве. Текст ошибки: tbCalles: Error 7200:  AQE Error:  State = 42000;   NativeError = 2115;  [iAnywhere Solutions][Advantage SQL Engine]Expected lexical element not found: FROM You are missing the keyword FROM after the column definitions in your SELECT statement. -- Location of error in the SQL statement is: 10
2012-08-29 21:07:38 Ошибка: Отчет о дежурстве. Последняя команда: Select * V_CallesReport Where (SysUser Like 'adssys%') and (SysTime between '2012-08-28 00:00:00' and '2012-08-29 21:07:38')
2012-08-29 21:08:36 Соединение с БД. Тип соеднинения: локальная
2012-08-29 21:08:36 Ошибка: Отправка e-mail Отправка e-mail для подтверждения прибытия оператора на работу
2012-08-29 21:08:36 Ошибка: Отправка e-mail Текст ошибки: Socket Error # 10065
No route to host.
2012-08-29 21:08:36 Ошибка: Отправка e-mail Хост: 189.141.1.16 Порт: 25
2012-08-29 21:08:36 Ошибка: Отправка e-mail Имя пользователя: plcard
2012-08-29 21:08:36 Ошибка: Отправка e-mail Пароль: 
2012-08-29 21:08:36 Ошибка: Отправка e-mail Из адреса: khulugov@agroinvestbank.tj
2012-08-29 21:08:36 Ошибка: Отправка e-mail От имени: ПЦ ДИТ
2012-08-29 21:08:40 Ошибка: Отчет о дежурстве. Отчет о дежурстве.
2012-08-29 21:08:40 Ошибка: Отчет о дежурстве. Текст ошибки: tbCalles: Field 'Ф.И.О. пользователя' not found
2012-08-29 21:08:40 Ошибка: Отчет о дежурстве. Последняя команда: Select * from V_CallesReport Where (SysUser Like 'adssys%') and (SysTime between '2012-08-28 00:00:00' and '2012-08-29 21:08:40')
2012-08-29 21:08:44 Ошибка: Отчет о дежурстве. Отчет о дежурстве.
2012-08-29 21:08:44 Ошибка: Отчет о дежурстве. Текст ошибки: tbCalles: Field 'Ф.И.О. пользователя' not found
2012-08-29 21:08:44 Ошибка: Отчет о дежурстве. Последняя команда: Select * from V_CallesReport Where (SysUser Like 'adssys%') and (SysTime between '2012-08-28 00:00:00' and '2012-08-29 21:08:44')
2012-08-29 21:08:45 Ошибка: Отчет о дежурстве. Отчет о дежурстве.
2012-08-29 21:08:45 Ошибка: Отчет о дежурстве. Текст ошибки: tbCalles: Field 'Ф.И.О. пользователя' not found
2012-08-29 21:08:45 Ошибка: Отчет о дежурстве. Последняя команда: Select * from V_CallesReport Where (SysUser Like 'adssys%') and (SysTime between '2012-08-28 00:00:00' and '2012-08-29 21:08:45')
2012-08-29 21:16:45 Соединение с БД. Тип соеднинения: локальная
2012-08-29 21:16:45 Ошибка: Отправка e-mail Отправка e-mail для подтверждения прибытия оператора на работу
2012-08-29 21:16:45 Ошибка: Отправка e-mail Текст ошибки: Socket Error # 10065
No route to host.
2012-08-29 21:16:45 Ошибка: Отправка e-mail Хост: 189.141.1.16 Порт: 25
2012-08-29 21:16:45 Ошибка: Отправка e-mail Имя пользователя: plcard
2012-08-29 21:16:45 Ошибка: Отправка e-mail Пароль: 
2012-08-29 21:16:45 Ошибка: Отправка e-mail Из адреса: khulugov@agroinvestbank.tj
2012-08-29 21:16:45 Ошибка: Отправка e-mail От имени: ПЦ ДИТ
2012-08-29 21:18:00 Соединение с БД. Тип соеднинения: локальная
2012-08-29 21:18:00 Ошибка: Отправка e-mail Отправка e-mail для подтверждения прибытия оператора на работу
2012-08-29 21:18:00 Ошибка: Отправка e-mail Текст ошибки: Socket Error # 10065
No route to host.
2012-08-29 21:18:00 Ошибка: Отправка e-mail Хост: 189.141.1.16 Порт: 25
2012-08-29 21:18:00 Ошибка: Отправка e-mail Имя пользователя: plcard
2012-08-29 21:18:00 Ошибка: Отправка e-mail Пароль: 
2012-08-29 21:18:00 Ошибка: Отправка e-mail Из адреса: khulugov@agroinvestbank.tj
2012-08-29 21:18:00 Ошибка: Отправка e-mail От имени: ПЦ ДИТ
2012-08-29 21:20:59 Соединение с БД. Тип соеднинения: локальная
2012-08-29 21:20:59 Ошибка: Отправка e-mail Отправка e-mail для подтверждения прибытия оператора на работу
2012-08-29 21:20:59 Ошибка: Отправка e-mail Текст ошибки: Socket Error # 10065
No route to host.
2012-08-29 21:20:59 Ошибка: Отправка e-mail Хост: 189.141.1.16 Порт: 25
2012-08-29 21:20:59 Ошибка: Отправка e-mail Имя пользователя: plcard
2012-08-29 21:20:59 Ошибка: Отправка e-mail Пароль: 
2012-08-29 21:20:59 Ошибка: Отправка e-mail Из адреса: khulugov@agroinvestbank.tj
2012-08-29 21:20:59 Ошибка: Отправка e-mail От имени: ПЦ ДИТ
2012-08-29 21:24:07 Соединение с БД. Тип соеднинения: локальная
2012-08-29 21:24:07 Ошибка: Отправка e-mail Отправка e-mail для подтверждения прибытия оператора на работу
2012-08-29 21:24:07 Ошибка: Отправка e-mail Текст ошибки: Socket Error # 10065
No route to host.
2012-08-29 21:24:07 Ошибка: Отправка e-mail Хост: 189.141.1.16 Порт: 25
2012-08-29 21:24:07 Ошибка: Отправка e-mail Имя пользователя: plcard
2012-08-29 21:24:07 Ошибка: Отправка e-mail Пароль: 
2012-08-29 21:24:07 Ошибка: Отправка e-mail Из адреса: khulugov@agroinvestbank.tj
2012-08-29 21:24:07 Ошибка: Отправка e-mail От имени: ПЦ ДИТ
2012-08-29 21:25:55 Соединение с БД. Тип соеднинения: локальная
2012-08-29 21:25:56 Ошибка: Отправка e-mail Отправка e-mail для подтверждения прибытия оператора на работу
2012-08-29 21:25:56 Ошибка: Отправка e-mail Текст ошибки: Socket Error # 10065
No route to host.
2012-08-29 21:25:56 Ошибка: Отправка e-mail Хост: 189.141.1.16 Порт: 25
2012-08-29 21:25:56 Ошибка: Отправка e-mail Имя пользователя: plcard
2012-08-29 21:25:56 Ошибка: Отправка e-mail Пароль: 
2012-08-29 21:25:56 Ошибка: Отправка e-mail Из адреса: khulugov@agroinvestbank.tj
2012-08-29 21:25:56 Ошибка: Отправка e-mail От имени: ПЦ ДИТ
2012-08-29 21:43:40 Соединение с БД. Тип соеднинения: локальная
2012-08-29 21:43:41 Ошибка: Отправка e-mail Отправка e-mail для подтверждения прибытия оператора на работу
2012-08-29 21:43:41 Ошибка: Отправка e-mail Текст ошибки: Socket Error # 10065
No route to host.
2012-08-29 21:43:41 Ошибка: Отправка e-mail Хост: 189.141.1.16 Порт: 25
2012-08-29 21:43:41 Ошибка: Отправка e-mail Имя пользователя: plcard
2012-08-29 21:43:41 Ошибка: Отправка e-mail Пароль: 
2012-08-29 21:43:41 Ошибка: Отправка e-mail Из адреса: khulugov@agroinvestbank.tj
2012-08-29 21:43:41 Ошибка: Отправка e-mail От имени: ПЦ ДИТ
2012-08-30 13:15:17 Соединение с БД. Тип соеднинения: локальная
2012-08-30 13:53:33 Соединение с БД. Тип соеднинения: локальная
2012-08-30 13:53:33 Отправка почты Тема сообщения: ПЦ ДИТ ОАО Агроинвестбанк
2012-08-30 13:58:42 Соединение с БД. Тип соеднинения: локальная
2012-08-30 13:58:42 Отправка почты Тема сообщения: ПЦ ДИТ ОАО Агроинвестбанк
2012-08-30 14:01:07 Соединение с БД. Тип соеднинения: локальная
2012-08-30 14:01:07 Отправка почты Тема сообщения: ПЦ ДИТ ОАО Агроинвестбанк
2012-08-30 14:01:32 Ошибка: отправка сообщений адресатам. Не найден тип задачи
2012-08-30 14:01:32 Ошибка: отправка сообщений адресатам. Последняя команда: Select {Static} * from R_CallTypes Where Code = 0
2012-08-30 14:21:47 Соединение с БД. Тип соеднинения: локальная
2012-08-30 14:21:47 Отправка почты. Тема сообщения: ПЦ ДИТ ОАО Агроинвестбанк
2012-08-30 14:21:52 Ошибка: отправка сообщений адресатам. Не найден тип задачи
2012-08-30 14:21:52 Ошибка: отправка сообщений адресатам. Последняя команда: Select {Static} * from R_CallTypes Where Code = 0
2012-08-30 14:25:15 Соединение с БД. Тип соеднинения: локальная
2012-08-30 14:25:15 Отправка почты. Тема сообщения: ПЦ ДИТ ОАО Агроинвестбанк
2012-08-30 14:27:47 Соединение с БД. Тип соеднинения: локальная
2012-08-30 14:27:51 Отправка почты. Тема сообщения: ПЦ ДИТ ОАО Агроинвестбанк
2012-08-30 14:27:56 Ошибка: отправка сообщений адресатам. Не найден тип задачи
2012-08-30 14:27:56 Ошибка: отправка сообщений адресатам. Последняя команда: Select {Static} * from R_CallTypes Where Code = 0
2012-08-30 14:33:46 Соединение с БД. Тип соеднинения: локальная
2012-08-30 14:33:46 Отправка почты. Тема сообщения: ПЦ ДИТ ОАО Агроинвестбанк
2012-08-30 14:34:10 Отправка почты. Тема сообщения: Отчет о дежурстве. ПЦ ДИТ ОАО Агроинвестбанк
2012-08-30 14:38:30 Соединение с БД. Тип соеднинения: локальная
2012-08-30 14:38:30 Отправка почты. Тема сообщения: ПЦ ДИТ ОАО Агроинвестбанк
2012-08-30 14:38:35 Отправка почты. Тема сообщения: Отчет о дежурстве. ПЦ ДИТ ОАО Агроинвестбанк
2012-08-30 15:15:24 Соединение с БД. Тип соеднинения: локальная
2012-08-30 15:15:27 Отправка почты. Тема сообщения: ПЦ ДИТ ОАО Агроинвестбанк
2012-08-30 15:16:41 Отправка почты. Тема сообщения: Захват карты. ПЦ ДИТ ОАО Агроинвестбанк
2012-08-30 16:07:17 Соединение с БД. Тип соеднинения: локальная
2012-08-30 16:07:19 Отправка почты. Тема сообщения: ПЦ ДИТ ОАО Агроинвестбанк
2012-08-30 16:08:20 Отправка почты. Тема сообщения: Захват карты. ПЦ ДИТ ОАО Агроинвестбанк
2012-08-30 16:08:59 Отправка почты. Тема сообщения: Отчет о дежурстве. ПЦ ДИТ ОАО Агроинвестбанк
2012-08-30 16:10:48 Соединение с БД. Тип соеднинения: локальная
2012-08-30 16:10:48 Отправка почты. Тема сообщения: ПЦ ДИТ ОАО Агроинвестбанк
2012-08-30 16:13:46 Соединение с БД. Тип соеднинения: локальная
2012-08-30 16:13:47 Отправка почты. Тема сообщения: ПЦ ДИТ ОАО Агроинвестбанк
2012-08-31 17:09:20 Соединение с БД. Тип соеднинения: локальная
2012-08-31 17:09:44 Отправка почты. Тема сообщения: Захват карты. ПЦ ДИТ ОАО Агроинвестбанк
2012-08-31 17:10:26 Отправка почты. Тема сообщения: Захват карты. ПЦ ДИТ ОАО Агроинвестбанк
2012-08-31 17:19:27 Соединение с БД. Тип соеднинения: локальная
2015-02-09 13:57:33 INF: 5733.021-00 Соединение с БД
2015-02-09 13:57:33 INF: 5733.021-00 Тип соеднинения: локальная
2015-02-09 13:57:38 INF: 5738.236-00 Соединение с БД
2015-02-09 13:57:38 INF: 5738.236-00 Тип соеднинения: локальная
2015-02-09 13:57:38 ERR: 5738.329-00 Получение настроек программы. Error 7200:  AQE Error:  State = HY000;   NativeError = 5175;  [iAnywhere Solutions][Advantage SQL][ASA] Error 5175:  The index file was created with a different collation sequence than is currently being used. Table name: R_Setups
2015-02-09 13:57:38 ERR: 5738.329-01 SQL: Select * from V_Setups Order by Code
2015-02-09 15:07:23 INF: 0723.719-00 Соединение с БД
2015-02-09 15:07:23 INF: 0723.719-00 Тип соеднинения: локальная
2015-02-09 15:07:23 ERR: 0723.880-00 Получение настроек программы. Error 7200:  AQE Error:  State = HY000;   NativeError = 5175;  [iAnywhere Solutions][Advantage SQL][ASA] Error 5175:  The index file was created with a different collation sequence than is currently being used. Table name: R_Setups
2015-02-09 15:07:23 ERR: 0723.880-01 SQL: Select * from V_Setups Order by Code
2015-02-09 15:07:39 INF: 0739.401-00 Соединение с БД
2015-02-09 15:07:39 INF: 0739.401-00 Тип соеднинения: удаленная и локальная
2015-08-25 15:41:17 INF: 4117.826-00 Соединение с БД
2015-08-25 15:41:17 INF: 4117.826-00 Тип соеднинения: удаленная и локальная
2025-05-01 02:01:31 INF: 0131.357-00 Соединение с БД
2025-05-01 02:01:31 INF: 0131.357-00 Тип соеднинения: удаленная и локальная
